2025-08-09 22:25:51,999 [INFO] Local directory detected at knowledge_base/old_repo. Copying to cache.
2025-08-09 22:25:52,000 [INFO] Copied local directory: knowledge_base/old_repo to repo_cache/old_repo
2025-08-09 22:25:52,000 [INFO] Repository: old_repo
2025-08-09 22:25:52,000 [INFO] Size: 0 bytes
2025-08-09 22:25:52,000 [INFO] Total files: 1
2025-08-09 22:25:52,001 [INFO] Source files: 0
2025-08-09 22:25:52,001 [INFO] Doc files: 1
2025-08-09 22:25:52,001 [INFO] Test files: 0
2025-08-09 22:25:52,001 [INFO] Report data written to repository_data.csv
2025-08-09 22:25:52,001 [INFO] Pruned repo cache.
2026-05-15 13:35:48,784 [INFO] Local directory detected at test_reporting_repo. Copying to cache.
2026-05-15 13:35:48,785 [INFO] Copied local directory: test_reporting_repo to repo_cache/test_reporting_repo
2026-05-15 13:35:48,785 [INFO] Repository: test_reporting_repo
2026-05-15 13:35:48,785 [INFO] Size: 21 bytes
2026-05-15 13:35:48,785 [INFO] Total files: 1
2026-05-15 13:35:48,785 [INFO] Source files: 0
2026-05-15 13:35:48,785 [INFO] Doc files: 0
2026-05-15 13:35:48,785 [INFO] Test files: 1
2026-05-15 13:35:48,786 [INFO] Report data written to repository_data.csv
2026-05-15 13:35:48,786 [INFO] Pruned repo cache.
2026-05-15 13:37:51,403 [INFO] Local directory detected at test_reporting_repo. Copying to cache.
2026-05-15 13:37:51,404 [INFO] Copied local directory: test_reporting_repo to repo_cache/test_reporting_repo
2026-05-15 13:37:51,404 [INFO] Repository: test_reporting_repo
2026-05-15 13:37:51,404 [INFO] Size: 21 bytes
2026-05-15 13:37:51,404 [INFO] Total files: 1
2026-05-15 13:37:51,404 [INFO] Source files: 0
2026-05-15 13:37:51,404 [INFO] Doc files: 0
2026-05-15 13:37:51,404 [INFO] Test files: 1
2026-05-15 13:37:51,405 [INFO] Report data written to repository_data.csv
2026-05-15 13:37:51,405 [INFO] Pruned repo cache.
